../Lib/sbgECom/common/streamBuffer/sbgStreamBufferCommon.h:283:25:sbgStreamBufferGetLastError	16	static
../Lib/sbgECom/common/streamBuffer/sbgStreamBufferCommon.h:318:19:sbgStreamBufferGetSize	16	static
../Lib/sbgECom/common/streamBuffer/sbgStreamBufferCommon.h:338:19:sbgStreamBufferGetLength	16	static
../Lib/sbgECom/common/streamBuffer/sbgStreamBufferCommon.h:357:19:sbgStreamBufferGetSpace	24	static
../Lib/sbgECom/common/streamBuffer/sbgStreamBufferCommon.h:495:19:sbgStreamBufferReadInt8	16	static
../Lib/sbgECom/common/streamBuffer/sbgStreamBufferCommon.h:535:20:sbgStreamBufferReadUint8	16	static
../Lib/sbgECom/common/streamBuffer/sbgStreamBufferCommon.h:672:25:sbgStreamBufferWriteInt8	16	static
../Lib/sbgECom/common/streamBuffer/sbgStreamBufferCommon.h:710:25:sbgStreamBufferWriteUint8	16	static
../Lib/sbgECom/common/streamBuffer/sbgStreamBufferLE.h:117:21:sbgStreamBufferReadUint16LE	24	static
../Lib/sbgECom/common/streamBuffer/sbgStreamBufferLE.h:389:21:sbgStreamBufferReadUint32LE	32	static
../Lib/sbgECom/common/streamBuffer/sbgStreamBufferLE.h:1235:25:sbgStreamBufferWriteUint16LE	16	static
../Lib/sbgECom/common/streamBuffer/sbgStreamBufferLE.h:1476:25:sbgStreamBufferWriteUint32LE	16	static
../Lib/sbgECom/src/binaryLogs/sbgEComBinaryLogSat.c:96:21:sbgEComBinaryLogSatCheckHealthStatus	40	static
../Lib/sbgECom/src/binaryLogs/sbgEComBinaryLogSat.c:123:21:sbgEComBinaryLogSatCheckTrackingStatus	40	static
../Lib/sbgECom/src/binaryLogs/sbgEComBinaryLogSat.c:153:20:sbgEComBinaryLogSatTrackingStatusToStr	16	static
../Lib/sbgECom/src/binaryLogs/sbgEComBinaryLogSat.c:181:20:sbgEComBinaryLogSatHealthStatusToStr	16	static
../Lib/sbgECom/src/binaryLogs/sbgEComBinaryLogSat.c:207:21:sbgEComBinaryLogParseSignalData	40	static
../Lib/sbgECom/src/binaryLogs/sbgEComBinaryLogSat.c:257:21:sbgEComBinaryLogSatCheckElevationStatus	40	static
../Lib/sbgECom/src/binaryLogs/sbgEComBinaryLogSat.c:285:21:sbgEComBinaryLogParseSatData	48	static
../Lib/sbgECom/src/binaryLogs/sbgEComBinaryLogSat.c:393:21:sbgLogSatDataConstruct	48	static
../Lib/sbgECom/src/binaryLogs/sbgEComBinaryLogSat.c:429:13:sbgLogSatDataDestroy	16	static
../Lib/sbgECom/src/binaryLogs/sbgEComBinaryLogSat.c:443:31:sbgEComBinaryLogSatSelectHealthStatus	24	static
../Lib/sbgECom/src/binaryLogs/sbgEComBinaryLogSat.c:465:33:sbgEComBinaryLogSatSelectTrackingStatus	24	static
../Lib/sbgECom/src/binaryLogs/sbgEComBinaryLogSat.c:488:13:sbgLogSatDataUpdateStatus	24	static
../Lib/sbgECom/src/binaryLogs/sbgEComBinaryLogSat.c:509:14:sbgEComBinaryLogParseSatGroupData	40	static
../Lib/sbgECom/src/binaryLogs/sbgEComBinaryLogSat.c:563:14:sbgEComBinaryLogWriteSatGroupData	32	static
../Lib/sbgECom/src/binaryLogs/sbgEComBinaryLogSat.c:598:14:sbgLogSatGroupDataConstruct	48	static
../Lib/sbgECom/src/binaryLogs/sbgEComBinaryLogSat.c:621:6:sbgLogSatGroupDataDestroy	24	static
../Lib/sbgECom/src/binaryLogs/sbgEComBinaryLogSat.c:634:16:sbgLogSatGroupDataAdd	64	static
../Lib/sbgECom/src/binaryLogs/sbgEComBinaryLogSat.c:659:16:sbgLogSatGroupGet	24	static
../Lib/sbgECom/src/binaryLogs/sbgEComBinaryLogSat.c:677:24:sbgLogSatDataGetConstellationId	24	static
../Lib/sbgECom/src/binaryLogs/sbgEComBinaryLogSat.c:688:13:sbgLogSatDataGetConstellationIdAsStr	16	static
../Lib/sbgECom/src/binaryLogs/sbgEComBinaryLogSat.c:693:27:sbgLogSatDataGetElevationStatus	24	static
../Lib/sbgECom/src/binaryLogs/sbgEComBinaryLogSat.c:704:13:sbgLogSatDataGetElevationStatusAsStr	24	static
../Lib/sbgECom/src/binaryLogs/sbgEComBinaryLogSat.c:728:24:sbgLogSatDataGetHealthStatus	24	static
../Lib/sbgECom/src/binaryLogs/sbgEComBinaryLogSat.c:739:13:sbgLogSatDataGetHealthStatusAsStr	16	static
../Lib/sbgECom/src/binaryLogs/sbgEComBinaryLogSat.c:746:26:sbgLogSatDataGetTrackingStatus	24	static
../Lib/sbgECom/src/binaryLogs/sbgEComBinaryLogSat.c:757:13:sbgLogSatDataGetTrackingStatusAsStr	16	static
../Lib/sbgECom/src/binaryLogs/sbgEComBinaryLogSat.c:764:22:sbgLogSatDataAdd	24	static
../Lib/sbgECom/src/binaryLogs/sbgEComBinaryLogSat.c:796:22:sbgLogSatDataGet	24	static
../Lib/sbgECom/src/binaryLogs/sbgEComBinaryLogSat.c:814:13:sbgLogSatSignalDataGetSignalIdAsStr	16	static
../Lib/sbgECom/src/binaryLogs/sbgEComBinaryLogSat.c:819:6:sbgLogSatSignalDataSnrIsValid	16	static
../Lib/sbgECom/src/binaryLogs/sbgEComBinaryLogSat.c:831:24:sbgLogSatSignalDataGetHealthStatus	24	static
../Lib/sbgECom/src/binaryLogs/sbgEComBinaryLogSat.c:842:14:sbgLogSatSignalDataGetHealthStatusAsStr	16	static
../Lib/sbgECom/src/binaryLogs/sbgEComBinaryLogSat.c:849:26:sbgLogSatSignalDataGetTrackingStatus	24	static
../Lib/sbgECom/src/binaryLogs/sbgEComBinaryLogSat.c:860:13:sbgLogSatSignalDataGetTrackingStatusAsStr	16	static
