../Lib/sbgECom/common/streamBuffer/sbgStreamBufferCommon.h:283:25:sbgStreamBufferGetLastError	16	static
../Lib/sbgECom/common/streamBuffer/sbgStreamBufferCommon.h:318:19:sbgStreamBufferGetSize	16	static
../Lib/sbgECom/common/streamBuffer/sbgStreamBufferCommon.h:338:19:sbgStreamBufferGetLength	16	static
../Lib/sbgECom/common/streamBuffer/sbgStreamBufferCommon.h:357:19:sbgStreamBufferGetSpace	24	static
../Lib/sbgECom/common/streamBuffer/sbgStreamBufferLE.h:389:21:sbgStreamBufferReadUint32LE	32	static
../Lib/sbgECom/common/streamBuffer/sbgStreamBufferLE.h:962:21:sbgStreamBufferReadUint64LE	56	static
../Lib/sbgECom/common/streamBuffer/sbgStreamBufferLE.h:1077:18:sbgStreamBufferReadFloatLE	24	static
../Lib/sbgECom/common/streamBuffer/sbgStreamBufferLE.h:1124:19:sbgStreamBufferReadDoubleLE	24	static
../Lib/sbgECom/common/streamBuffer/sbgStreamBufferLE.h:1476:25:sbgStreamBufferWriteUint32LE	16	static
../Lib/sbgECom/common/streamBuffer/sbgStreamBufferLE.h:1663:25:sbgStreamBufferWriteUint64LE	32	static
../Lib/sbgECom/common/streamBuffer/sbgStreamBufferLE.h:1773:25:sbgStreamBufferWriteFloatLE	24	static
../Lib/sbgECom/common/streamBuffer/sbgStreamBufferLE.h:1805:25:sbgStreamBufferWriteDoubleLE	32	static
../Lib/sbgECom/src/binaryLogs/sbgEComBinaryLogEkf.c:7:14:sbgEComBinaryLogParseEkfEulerData	16	static
../Lib/sbgECom/src/binaryLogs/sbgEComBinaryLogEkf.c:33:14:sbgEComBinaryLogWriteEkfEulerData	16	static
../Lib/sbgECom/src/binaryLogs/sbgEComBinaryLogEkf.c:59:14:sbgEComBinaryLogParseEkfQuatData	16	static
../Lib/sbgECom/src/binaryLogs/sbgEComBinaryLogEkf.c:86:14:sbgEComBinaryLogWriteEkfQuatData	16	static
../Lib/sbgECom/src/binaryLogs/sbgEComBinaryLogEkf.c:113:14:sbgEComBinaryLogParseEkfNavData	16	static
../Lib/sbgECom/src/binaryLogs/sbgEComBinaryLogEkf.c:149:14:sbgEComBinaryLogWriteEkfNavData	16	static
