../Lib/sbgECom/common/streamBuffer/sbgStreamBufferCommon.h:283:25:sbgStreamBufferGetLastError	16	static
../Lib/sbgECom/common/streamBuffer/sbgStreamBufferCommon.h:318:19:sbgStreamBufferGetSize	16	static
../Lib/sbgECom/common/streamBuffer/sbgStreamBufferCommon.h:338:19:sbgStreamBufferGetLength	16	static
../Lib/sbgECom/common/streamBuffer/sbgStreamBufferCommon.h:357:19:sbgStreamBufferGetSpace	24	static
../Lib/sbgECom/common/streamBuffer/sbgStreamBufferCommon.h:535:20:sbgStreamBufferReadUint8	16	static
../Lib/sbgECom/common/streamBuffer/sbgStreamBufferCommon.h:710:25:sbgStreamBufferWriteUint8	16	static
../Lib/sbgECom/common/streamBuffer/sbgStreamBufferLE.h:117:21:sbgStreamBufferReadUint16LE	24	static
../Lib/sbgECom/common/streamBuffer/sbgStreamBufferLE.h:389:21:sbgStreamBufferReadUint32LE	32	static
../Lib/sbgECom/common/streamBuffer/sbgStreamBufferLE.h:962:21:sbgStreamBufferReadUint64LE	56	static
../Lib/sbgECom/common/streamBuffer/sbgStreamBufferLE.h:1077:18:sbgStreamBufferReadFloatLE	24	static
../Lib/sbgECom/common/streamBuffer/sbgStreamBufferLE.h:1124:19:sbgStreamBufferReadDoubleLE	24	static
../Lib/sbgECom/common/streamBuffer/sbgStreamBufferLE.h:1235:25:sbgStreamBufferWriteUint16LE	16	static
../Lib/sbgECom/common/streamBuffer/sbgStreamBufferLE.h:1476:25:sbgStreamBufferWriteUint32LE	16	static
../Lib/sbgECom/common/streamBuffer/sbgStreamBufferLE.h:1663:25:sbgStreamBufferWriteUint64LE	32	static
../Lib/sbgECom/common/streamBuffer/sbgStreamBufferLE.h:1773:25:sbgStreamBufferWriteFloatLE	24	static
../Lib/sbgECom/common/streamBuffer/sbgStreamBufferLE.h:1805:25:sbgStreamBufferWriteDoubleLE	32	static
../Lib/sbgECom/src/binaryLogs/sbgEComBinaryLogGps.c:7:14:sbgEComBinaryLogParseGpsVelData	16	static
../Lib/sbgECom/src/binaryLogs/sbgEComBinaryLogGps.c:33:14:sbgEComBinaryLogWriteGpsVelData	16	static
../Lib/sbgECom/src/binaryLogs/sbgEComBinaryLogGps.c:59:14:sbgEComBinaryLogParseGpsPosData	16	static
../Lib/sbgECom/src/binaryLogs/sbgEComBinaryLogGps.c:106:14:sbgEComBinaryLogWriteGpsPosData	16	static
../Lib/sbgECom/src/binaryLogs/sbgEComBinaryLogGps.c:141:14:sbgEComBinaryLogParseGpsHdtData	16	static
../Lib/sbgECom/src/binaryLogs/sbgEComBinaryLogGps.c:175:14:sbgEComBinaryLogWriteGpsHdtData	16	static
../Lib/sbgECom/src/binaryLogs/sbgEComBinaryLogGps.c:198:14:sbgEComBinaryLogParseGpsRawData	16	static
../Lib/sbgECom/src/binaryLogs/sbgEComBinaryLogGps.c:203:14:sbgEComBinaryLogWriteGpsRawData	16	static
