../Lib/sbgECom/common/streamBuffer/sbgStreamBufferCommon.h:283:25:sbgStreamBufferGetLastError	16	static
../Lib/sbgECom/common/streamBuffer/sbgStreamBufferCommon.h:318:19:sbgStreamBufferGetSize	16	static
../Lib/sbgECom/common/streamBuffer/sbgStreamBufferCommon.h:338:19:sbgStreamBufferGetLength	16	static
../Lib/sbgECom/common/streamBuffer/sbgStreamBufferCommon.h:357:19:sbgStreamBufferGetSpace	24	static
../Lib/sbgECom/common/streamBuffer/sbgStreamBufferLE.h:48:20:sbgStreamBufferReadInt16LE	24	static
../Lib/sbgECom/common/streamBuffer/sbgStreamBufferLE.h:117:21:sbgStreamBufferReadUint16LE	24	static
../Lib/sbgECom/common/streamBuffer/sbgStreamBufferLE.h:318:20:sbgStreamBufferReadInt32LE	32	static
../Lib/sbgECom/common/streamBuffer/sbgStreamBufferLE.h:389:21:sbgStreamBufferReadUint32LE	32	static
../Lib/sbgECom/common/streamBuffer/sbgStreamBufferLE.h:1077:18:sbgStreamBufferReadFloatLE	24	static
../Lib/sbgECom/common/streamBuffer/sbgStreamBufferLE.h:1176:25:sbgStreamBufferWriteInt16LE	16	static
../Lib/sbgECom/common/streamBuffer/sbgStreamBufferLE.h:1235:25:sbgStreamBufferWriteUint16LE	16	static
../Lib/sbgECom/common/streamBuffer/sbgStreamBufferLE.h:1413:25:sbgStreamBufferWriteInt32LE	16	static
../Lib/sbgECom/common/streamBuffer/sbgStreamBufferLE.h:1476:25:sbgStreamBufferWriteUint32LE	16	static
../Lib/sbgECom/common/streamBuffer/sbgStreamBufferLE.h:1773:25:sbgStreamBufferWriteFloatLE	24	static
../Lib/sbgECom/src/binaryLogs/sbgEComBinaryLogImu.c:7:7:sbgLogImuShortGetDeltaAngle	16	static
../Lib/sbgECom/src/binaryLogs/sbgEComBinaryLogImu.c:15:7:sbgLogImuShortGetDeltaVelocity	16	static
../Lib/sbgECom/src/binaryLogs/sbgEComBinaryLogImu.c:23:7:sbgLogImuShortGetTemperature	16	static
../Lib/sbgECom/src/binaryLogs/sbgEComBinaryLogImu.c:34:14:sbgEComBinaryLogParseImuData	16	static
../Lib/sbgECom/src/binaryLogs/sbgEComBinaryLogImu.c:69:14:sbgEComBinaryLogWriteImuData	16	static
../Lib/sbgECom/src/binaryLogs/sbgEComBinaryLogImu.c:104:14:sbgEComBinaryLogParseImuShort	16	static
../Lib/sbgECom/src/binaryLogs/sbgEComBinaryLogImu.c:131:14:sbgEComBinaryLogWriteImuShort	16	static
../Lib/sbgECom/src/binaryLogs/sbgEComBinaryLogImu.c:158:14:sbgEComBinaryLogParseFastImuData	16	static
../Lib/sbgECom/src/binaryLogs/sbgEComBinaryLogImu.c:183:14:sbgEComBinaryLogWriteFastImuData	16	static
