../Lib/sbgECom/common/streamBuffer/sbgStreamBufferCommon.h:221:25:sbgStreamBufferInitForWrite	24	static
../Lib/sbgECom/common/streamBuffer/sbgStreamBufferCommon.h:253:25:sbgStreamBufferInitForRead	24	static
../Lib/sbgECom/common/streamBuffer/sbgStreamBufferCommon.h:283:25:sbgStreamBufferGetLastError	16	static
../Lib/sbgECom/common/streamBuffer/sbgStreamBufferCommon.h:318:19:sbgStreamBufferGetSize	16	static
../Lib/sbgECom/common/streamBuffer/sbgStreamBufferCommon.h:338:19:sbgStreamBufferGetLength	16	static
../Lib/sbgECom/common/streamBuffer/sbgStreamBufferCommon.h:357:19:sbgStreamBufferGetSpace	24	static
../Lib/sbgECom/common/streamBuffer/sbgStreamBufferCommon.h:465:18:sbgStreamBufferGetLinkedBuffer	16	static
../Lib/sbgECom/common/streamBuffer/sbgStreamBufferCommon.h:535:20:sbgStreamBufferReadUint8	16	static
../Lib/sbgECom/common/streamBuffer/sbgStreamBufferCommon.h:710:25:sbgStreamBufferWriteUint8	16	static
../Lib/sbgECom/common/streamBuffer/sbgStreamBufferLE.h:117:21:sbgStreamBufferReadUint16LE	24	static
../Lib/sbgECom/common/streamBuffer/sbgStreamBufferLE.h:389:21:sbgStreamBufferReadUint32LE	32	static
../Lib/sbgECom/common/streamBuffer/sbgStreamBufferLE.h:1235:25:sbgStreamBufferWriteUint16LE	16	static
../Lib/sbgECom/common/streamBuffer/sbgStreamBufferLE.h:1476:25:sbgStreamBufferWriteUint32LE	16	static
../Lib/sbgECom/src/sbgEComIds.h:322:17:sbgEComMsgClassIsALog	16	static
../Lib/sbgECom/src/commands/sbgEComCmdCommon.c:15:14:sbgEComReceiveAnyCmd	56	static
../Lib/sbgECom/src/commands/sbgEComCmdCommon.c:61:14:sbgEComReceiveAnyCmd2	4160	static
../Lib/sbgECom/src/commands/sbgEComCmdCommon.c:147:14:sbgEComReceiveCmd	56	static
../Lib/sbgECom/src/commands/sbgEComCmdCommon.c:189:14:sbgEComReceiveCmd2	80	static
../Lib/sbgECom/src/commands/sbgEComCmdCommon.c:272:14:sbgEComWaitForAck	80	static
../Lib/sbgECom/src/commands/sbgEComCmdCommon.c:341:14:sbgEComSendAck	56	static
../Lib/sbgECom/src/commands/sbgEComCmdCommon.c:370:14:sbgEComCmdGenericSetModelId	72	static
../Lib/sbgECom/src/commands/sbgEComCmdCommon.c:436:14:sbgEComCmdGenericGetModelId	80	static
