../Lib/sbgECom/common/streamBuffer/sbgStreamBufferCommon.h:221:25:sbgStreamBufferInitForWrite	24	static
../Lib/sbgECom/common/streamBuffer/sbgStreamBufferCommon.h:253:25:sbgStreamBufferInitForRead	24	static
../Lib/sbgECom/common/streamBuffer/sbgStreamBufferCommon.h:318:19:sbgStreamBufferGetSize	16	static
../Lib/sbgECom/common/streamBuffer/sbgStreamBufferCommon.h:338:19:sbgStreamBufferGetLength	16	static
../Lib/sbgECom/common/streamBuffer/sbgStreamBufferCommon.h:357:19:sbgStreamBufferGetSpace	24	static
../Lib/sbgECom/common/streamBuffer/sbgStreamBufferCommon.h:465:18:sbgStreamBufferGetLinkedBuffer	16	static
../Lib/sbgECom/common/streamBuffer/sbgStreamBufferCommon.h:535:20:sbgStreamBufferReadUint8	16	static
../Lib/sbgECom/common/streamBuffer/sbgStreamBufferCommon.h:710:25:sbgStreamBufferWriteUint8	16	static
../Lib/sbgECom/common/streamBuffer/sbgStreamBufferLE.h:117:21:sbgStreamBufferReadUint16LE	24	static
../Lib/sbgECom/common/streamBuffer/sbgStreamBufferLE.h:389:21:sbgStreamBufferReadUint32LE	32	static
../Lib/sbgECom/common/streamBuffer/sbgStreamBufferLE.h:1077:18:sbgStreamBufferReadFloatLE	24	static
../Lib/sbgECom/common/streamBuffer/sbgStreamBufferLE.h:1476:25:sbgStreamBufferWriteUint32LE	16	static
../Lib/sbgECom/common/streamBuffer/sbgStreamBufferLE.h:1773:25:sbgStreamBufferWriteFloatLE	24	static
../Lib/sbgECom/src/commands/sbgEComCmdMag.c:16:14:sbgEComCmdMagSetModelId	16	static
../Lib/sbgECom/src/commands/sbgEComCmdMag.c:23:14:sbgEComCmdMagGetModelId	24	static
../Lib/sbgECom/src/commands/sbgEComCmdMag.c:41:14:sbgEComCmdMagSetCalibData	120	static
../Lib/sbgECom/src/commands/sbgEComCmdMag.c:122:14:sbgEComCmdMagGetRejection	72	static
../Lib/sbgECom/src/commands/sbgEComCmdMag.c:190:14:sbgEComCmdMagSetRejection	128	static
../Lib/sbgECom/src/commands/sbgEComCmdMag.c:254:14:sbgEComCmdMagStartCalib	64	static
../Lib/sbgECom/src/commands/sbgEComCmdMag.c:323:14:sbgEComCmdMagComputeCalib	80	static
