../Lib/sbgECom/common/streamBuffer/sbgStreamBufferCommon.h:221:25:sbgStreamBufferInitForWrite	24	static
../Lib/sbgECom/common/streamBuffer/sbgStreamBufferCommon.h:253:25:sbgStreamBufferInitForRead	24	static
../Lib/sbgECom/common/streamBuffer/sbgStreamBufferCommon.h:283:25:sbgStreamBufferGetLastError	16	static
../Lib/sbgECom/common/streamBuffer/sbgStreamBufferCommon.h:318:19:sbgStreamBufferGetSize	16	static
../Lib/sbgECom/common/streamBuffer/sbgStreamBufferCommon.h:338:19:sbgStreamBufferGetLength	16	static
../Lib/sbgECom/common/streamBuffer/sbgStreamBufferCommon.h:357:19:sbgStreamBufferGetSpace	24	static
../Lib/sbgECom/common/streamBuffer/sbgStreamBufferCommon.h:465:18:sbgStreamBufferGetLinkedBuffer	16	static
../Lib/sbgECom/common/streamBuffer/sbgStreamBufferCommon.h:535:20:sbgStreamBufferReadUint8	16	static
../Lib/sbgECom/common/streamBuffer/sbgStreamBufferCommon.h:710:25:sbgStreamBufferWriteUint8	16	static
../Lib/sbgECom/common/streamBuffer/sbgStreamBufferLE.h:389:21:sbgStreamBufferReadUint32LE	32	static
../Lib/sbgECom/common/streamBuffer/sbgStreamBufferLE.h:1077:18:sbgStreamBufferReadFloatLE	24	static
../Lib/sbgECom/common/streamBuffer/sbgStreamBufferLE.h:1476:25:sbgStreamBufferWriteUint32LE	16	static
../Lib/sbgECom/common/streamBuffer/sbgStreamBufferLE.h:1773:25:sbgStreamBufferWriteFloatLE	24	static
../Lib/sbgECom/src/commands/sbgEComCmdAirData.c:17:14:sbgEComCmdAirDataSetModelId	16	static
../Lib/sbgECom/src/commands/sbgEComCmdAirData.c:24:14:sbgEComCmdAirDataGetModelId	24	static
../Lib/sbgECom/src/commands/sbgEComCmdAirData.c:42:14:sbgEComCmdAirDataSetLeverArm	128	static
../Lib/sbgECom/src/commands/sbgEComCmdAirData.c:115:14:sbgEComCmdAirDataGetLeverArm	72	static
../Lib/sbgECom/src/commands/sbgEComCmdAirData.c:183:14:sbgEComCmdAirDataSetRejection	64	static
../Lib/sbgECom/src/commands/sbgEComCmdAirData.c:255:14:sbgEComCmdAirDataGetRejection	72	static
