../Lib/sbgECom/common/streamBuffer/sbgStreamBufferCommon.h:221:25:sbgStreamBufferInitForWrite	24	static
../Lib/sbgECom/common/streamBuffer/sbgStreamBufferCommon.h:253:25:sbgStreamBufferInitForRead	24	static
../Lib/sbgECom/common/streamBuffer/sbgStreamBufferCommon.h:283:25:sbgStreamBufferGetLastError	16	static
../Lib/sbgECom/common/streamBuffer/sbgStreamBufferCommon.h:318:19:sbgStreamBufferGetSize	16	static
../Lib/sbgECom/common/streamBuffer/sbgStreamBufferCommon.h:338:19:sbgStreamBufferGetLength	16	static
../Lib/sbgECom/common/streamBuffer/sbgStreamBufferCommon.h:357:19:sbgStreamBufferGetSpace	24	static
../Lib/sbgECom/common/streamBuffer/sbgStreamBufferCommon.h:465:18:sbgStreamBufferGetLinkedBuffer	16	static
../Lib/sbgECom/common/streamBuffer/sbgStreamBufferCommon.h:535:20:sbgStreamBufferReadUint8	16	static
../Lib/sbgECom/common/streamBuffer/sbgStreamBufferCommon.h:575:17:sbgStreamBufferReadBoolean	16	static
../Lib/sbgECom/common/streamBuffer/sbgStreamBufferCommon.h:710:25:sbgStreamBufferWriteUint8	16	static
../Lib/sbgECom/common/streamBuffer/sbgStreamBufferCommon.h:748:25:sbgStreamBufferWriteBoolean	16	static
../Lib/sbgECom/common/streamBuffer/sbgStreamBufferLE.h:389:21:sbgStreamBufferReadUint32LE	32	static
../Lib/sbgECom/common/streamBuffer/sbgStreamBufferLE.h:1077:18:sbgStreamBufferReadFloatLE	24	static
../Lib/sbgECom/common/streamBuffer/sbgStreamBufferLE.h:1476:25:sbgStreamBufferWriteUint32LE	16	static
../Lib/sbgECom/common/streamBuffer/sbgStreamBufferLE.h:1773:25:sbgStreamBufferWriteFloatLE	24	static
../Lib/sbgECom/src/commands/sbgEComCmdDvl.c:16:14:sbgEComCmdDvlSetModelId	16	static
../Lib/sbgECom/src/commands/sbgEComCmdDvl.c:23:14:sbgEComCmdDvlGetModelId	24	static
../Lib/sbgECom/src/commands/sbgEComCmdDvl.c:41:14:sbgEComCmdDvlInstallationSet	128	static
../Lib/sbgECom/src/commands/sbgEComCmdDvl.c:120:14:sbgEComCmdDvlInstallationGet	72	static
../Lib/sbgECom/src/commands/sbgEComCmdDvl.c:194:14:sbgEComCmdDvlSetRejection	64	static
../Lib/sbgECom/src/commands/sbgEComCmdDvl.c:266:14:sbgEComCmdDvlGetRejection	72	static
