../Lib/sbgECom/common/streamBuffer/sbgStreamBufferCommon.h:221:25:sbgStreamBufferInitForWrite	24	static
../Lib/sbgECom/common/streamBuffer/sbgStreamBufferCommon.h:253:25:sbgStreamBufferInitForRead	24	static
../Lib/sbgECom/common/streamBuffer/sbgStreamBufferCommon.h:318:19:sbgStreamBufferGetSize	16	static
../Lib/sbgECom/common/streamBuffer/sbgStreamBufferCommon.h:338:19:sbgStreamBufferGetLength	16	static
../Lib/sbgECom/common/streamBuffer/sbgStreamBufferCommon.h:357:19:sbgStreamBufferGetSpace	24	static
../Lib/sbgECom/common/streamBuffer/sbgStreamBufferCommon.h:465:18:sbgStreamBufferGetLinkedBuffer	16	static
../Lib/sbgECom/common/streamBuffer/sbgStreamBufferCommon.h:535:20:sbgStreamBufferReadUint8	16	static
../Lib/sbgECom/common/streamBuffer/sbgStreamBufferCommon.h:710:25:sbgStreamBufferWriteUint8	16	static
../Lib/sbgECom/common/streamBuffer/sbgStreamBufferLE.h:117:21:sbgStreamBufferReadUint16LE	24	static
../Lib/sbgECom/common/streamBuffer/sbgStreamBufferLE.h:389:21:sbgStreamBufferReadUint32LE	32	static
../Lib/sbgECom/common/streamBuffer/sbgStreamBufferLE.h:1235:25:sbgStreamBufferWriteUint16LE	16	static
../Lib/sbgECom/common/streamBuffer/sbgStreamBufferLE.h:1476:25:sbgStreamBufferWriteUint32LE	16	static
../Lib/sbgECom/src/commands/sbgEComCmdOutput.c:16:14:sbgEComCmdOutputGetConf	104	static
../Lib/sbgECom/src/commands/sbgEComCmdOutput.c:98:14:sbgEComCmdOutputSetConf	72	static
../Lib/sbgECom/src/commands/sbgEComCmdOutput.c:160:14:sbgEComCmdOutputClassGetEnable	104	static
../Lib/sbgECom/src/commands/sbgEComCmdOutput.c:240:14:sbgEComCmdOutputClassSetEnable	64	static
../Lib/sbgECom/src/commands/sbgEComCmdOutput.c:301:14:sbgEComCmdCanOutputGetConf	104	static
../Lib/sbgECom/src/commands/sbgEComCmdOutput.c:383:14:sbgEComCmdCanOutputSetConf	80	static
../Lib/sbgECom/src/commands/sbgEComCmdOutput.c:445:14:sbgEComCmdOutputGetNmeaTalkerId	104	static
../Lib/sbgECom/src/commands/sbgEComCmdOutput.c:523:14:sbgEComCmdOutputSetNmeaTalkerId	72	static
