../Lib/sbgECom/common/interfaces/sbgInterface.h:288:25:sbgInterfaceWrite	32	static
../Lib/sbgECom/common/interfaces/sbgInterface.h:321:25:sbgInterfaceRead	40	static
../Lib/sbgECom/common/streamBuffer/sbgStreamBufferCommon.h:221:25:sbgStreamBufferInitForWrite	24	static
../Lib/sbgECom/common/streamBuffer/sbgStreamBufferCommon.h:253:25:sbgStreamBufferInitForRead	24	static
../Lib/sbgECom/common/streamBuffer/sbgStreamBufferCommon.h:283:25:sbgStreamBufferGetLastError	16	static
../Lib/sbgECom/common/streamBuffer/sbgStreamBufferCommon.h:318:19:sbgStreamBufferGetSize	16	static
../Lib/sbgECom/common/streamBuffer/sbgStreamBufferCommon.h:338:19:sbgStreamBufferGetLength	16	static
../Lib/sbgECom/common/streamBuffer/sbgStreamBufferCommon.h:357:19:sbgStreamBufferGetSpace	24	static
../Lib/sbgECom/common/streamBuffer/sbgStreamBufferCommon.h:375:25:sbgStreamBufferSeek	40	static
../Lib/sbgECom/common/streamBuffer/sbgStreamBufferCommon.h:452:19:sbgStreamBufferTell	16	static
../Lib/sbgECom/common/streamBuffer/sbgStreamBufferCommon.h:465:18:sbgStreamBufferGetLinkedBuffer	16	static
../Lib/sbgECom/common/streamBuffer/sbgStreamBufferCommon.h:478:18:sbgStreamBufferGetCursor	16	static
../Lib/sbgECom/common/streamBuffer/sbgStreamBufferCommon.h:535:20:sbgStreamBufferReadUint8	16	static
../Lib/sbgECom/common/streamBuffer/sbgStreamBufferCommon.h:710:25:sbgStreamBufferWriteUint8	16	static
../Lib/sbgECom/common/streamBuffer/sbgStreamBufferCommon.h:794:25:sbgStreamBufferWriteBuffer	24	static
../Lib/sbgECom/common/streamBuffer/sbgStreamBufferLE.h:117:21:sbgStreamBufferReadUint16LE	24	static
../Lib/sbgECom/common/streamBuffer/sbgStreamBufferLE.h:1235:25:sbgStreamBufferWriteUint16LE	16	static
../Lib/sbgECom/src/protocol/sbgEComProtocol.c:30:13:sbgEComProtocolPayloadClear	16	static
../Lib/sbgECom/src/protocol/sbgEComProtocol.c:53:13:sbgEComProtocolPayloadSet	24	static
../Lib/sbgECom/src/protocol/sbgEComProtocol.c:68:13:sbgEComProtocolDiscardUnusedBytes	16	static
../Lib/sbgECom/src/protocol/sbgEComProtocol.c:88:13:sbgEComProtocolRead	24	static
../Lib/sbgECom/src/protocol/sbgEComProtocol.c:119:21:sbgEComProtocolFindSyncBytes	32	static
../Lib/sbgECom/src/protocol/sbgEComProtocol.c:170:21:sbgEComProtocolParseFrame	104	static
../Lib/sbgECom/src/protocol/sbgEComProtocol.c:339:21:sbgEComProtocolFindFrame	64	static
../Lib/sbgECom/src/protocol/sbgEComProtocol.c:425:21:sbgEComProtocolSendStandardFrame	4160	static
../Lib/sbgECom/src/protocol/sbgEComProtocol.c:478:21:sbgEComProtocolSendExtendedFrame	4152	static
../Lib/sbgECom/src/protocol/sbgEComProtocol.c:550:21:sbgEComProtocolGetTxId	24	static
../Lib/sbgECom/src/protocol/sbgEComProtocol.c:569:13:sbgEComProtocolLargeTransferInProgress	16	static
../Lib/sbgECom/src/protocol/sbgEComProtocol.c:581:13:sbgEComProtocolResetLargeTransfer	16	static
../Lib/sbgECom/src/protocol/sbgEComProtocol.c:597:13:sbgEComProtocolClearLargeTransfer	16	static
../Lib/sbgECom/src/protocol/sbgEComProtocol.c:620:21:sbgEComProtocolProcessExtendedFrame	48	static
../Lib/sbgECom/src/protocol/sbgEComProtocol.c:772:6:sbgEComProtocolPayloadConstruct	16	static
../Lib/sbgECom/src/protocol/sbgEComProtocol.c:781:6:sbgEComProtocolPayloadDestroy	16	static
../Lib/sbgECom/src/protocol/sbgEComProtocol.c:791:13:sbgEComProtocolPayloadGetBuffer	16	static
../Lib/sbgECom/src/protocol/sbgEComProtocol.c:798:8:sbgEComProtocolPayloadGetSize	16	static
../Lib/sbgECom/src/protocol/sbgEComProtocol.c:805:7:sbgEComProtocolPayloadMoveBuffer	40	static
../Lib/sbgECom/src/protocol/sbgEComProtocol.c:847:14:sbgEComProtocolInit	16	static
../Lib/sbgECom/src/protocol/sbgEComProtocol.c:862:14:sbgEComProtocolClose	16	static
../Lib/sbgECom/src/protocol/sbgEComProtocol.c:876:14:sbgEComProtocolPurgeIncoming	48	static
../Lib/sbgECom/src/protocol/sbgEComProtocol.c:919:14:sbgEComProtocolSend	80	static
../Lib/sbgECom/src/protocol/sbgEComProtocol.c:977:14:sbgEComProtocolReceive	48	static
../Lib/sbgECom/src/protocol/sbgEComProtocol.c:1019:14:sbgEComProtocolReceive2	72	static
../Lib/sbgECom/src/protocol/sbgEComProtocol.c:1090:14:sbgEComStartFrameGeneration	24	static
../Lib/sbgECom/src/protocol/sbgEComProtocol.c:1119:14:sbgEComFinalizeFrameGeneration	48	static
