../Lib/sbgECom/common/streamBuffer/sbgStreamBufferCommon.h:221:25:sbgStreamBufferInitForWrite	24	static
../Lib/sbgECom/common/streamBuffer/sbgStreamBufferCommon.h:253:25:sbgStreamBufferInitForRead	24	static
../Lib/sbgECom/common/streamBuffer/sbgStreamBufferCommon.h:318:19:sbgStreamBufferGetSize	16	static
../Lib/sbgECom/common/streamBuffer/sbgStreamBufferCommon.h:338:19:sbgStreamBufferGetLength	16	static
../Lib/sbgECom/common/streamBuffer/sbgStreamBufferCommon.h:357:19:sbgStreamBufferGetSpace	24	static
../Lib/sbgECom/common/streamBuffer/sbgStreamBufferCommon.h:465:18:sbgStreamBufferGetLinkedBuffer	16	static
../Lib/sbgECom/common/streamBuffer/sbgStreamBufferCommon.h:624:25:sbgStreamBufferReadBuffer	24	static
../Lib/sbgECom/common/streamBuffer/sbgStreamBufferCommon.h:794:25:sbgStreamBufferWriteBuffer	24	static
../Lib/sbgECom/common/streamBuffer/sbgStreamBufferLE.h:117:21:sbgStreamBufferReadUint16LE	24	static
../Lib/sbgECom/common/streamBuffer/sbgStreamBufferLE.h:389:21:sbgStreamBufferReadUint32LE	32	static
../Lib/sbgECom/common/streamBuffer/sbgStreamBufferLE.h:1032:19:sbgStreamBufferReadSizeT32LE	16	static
../Lib/sbgECom/common/streamBuffer/sbgStreamBufferLE.h:1235:25:sbgStreamBufferWriteUint16LE	16	static
../Lib/sbgECom/common/streamBuffer/sbgStreamBufferLE.h:1476:25:sbgStreamBufferWriteUint32LE	16	static
../Lib/sbgECom/common/streamBuffer/sbgStreamBufferLE.h:1734:25:sbgStreamBufferWriteSizeT32LE	16	static
../Lib/sbgECom/common/splitBuffer/sbgSplitBuffer.h:71:17:sbgSplitBufferInitForRead	24	static
../Lib/sbgECom/common/splitBuffer/sbgSplitBuffer.h:98:17:sbgSplitBufferInitForWrite	24	static
../Lib/sbgECom/common/splitBuffer/sbgSplitBuffer.h:123:19:sbgSplitBufferGetSubBufferNbr	16	static
../Lib/sbgECom/common/splitBuffer/sbgSplitBuffer.h:142:18:sbgSplitBufferGetSubBuffer	16	static
../Lib/sbgECom/common/splitBuffer/sbgSplitBuffer.h:174:19:sbgSplitBufferGetSubBufferOffset	16	static
../Lib/sbgECom/common/splitBuffer/sbgSplitBuffer.h:206:19:sbgSplitBufferGetSubBufferSize	24	static
../Lib/sbgECom/src/transfer/sbgEComTransfer.c:24:21:sbgEComTransferSendInit	80	static
../Lib/sbgECom/src/transfer/sbgEComTransfer.c:88:21:sbgEComTransferSendData	592	static
../Lib/sbgECom/src/transfer/sbgEComTransfer.c:152:21:sbgEComTransferSendEnd	64	static
../Lib/sbgECom/src/transfer/sbgEComTransfer.c:209:21:sbgEComTransferReceiveInit	120	static
../Lib/sbgECom/src/transfer/sbgEComTransfer.c:317:21:sbgEComTransferReceiveData	120	static
../Lib/sbgECom/src/transfer/sbgEComTransfer.c:407:21:sbgEComTransferReceiveEnd	64	static
../Lib/sbgECom/src/transfer/sbgEComTransfer.c:459:14:sbgEComTransferSend	64	static
../Lib/sbgECom/src/transfer/sbgEComTransfer.c:534:14:sbgEComTransferReceive	72	static
