../Lib/sbgECom/common/streamBuffer/sbgStreamBufferCommon.h:283:25:sbgStreamBufferGetLastError	16	static
../Lib/sbgECom/common/streamBuffer/sbgStreamBufferCommon.h:318:19:sbgStreamBufferGetSize	16	static
../Lib/sbgECom/common/streamBuffer/sbgStreamBufferCommon.h:338:19:sbgStreamBufferGetLength	16	static
../Lib/sbgECom/common/streamBuffer/sbgStreamBufferCommon.h:357:19:sbgStreamBufferGetSpace	24	static
../Lib/sbgECom/common/streamBuffer/sbgStreamBufferCommon.h:624:25:sbgStreamBufferReadBuffer	24	static
../Lib/sbgECom/common/streamBuffer/sbgStreamBufferCommon.h:794:25:sbgStreamBufferWriteBuffer	24	static
../Lib/sbgECom/common/streamBuffer/sbgStreamBufferLE.h:389:21:sbgStreamBufferReadUint32LE	32	static
../Lib/sbgECom/common/streamBuffer/sbgStreamBufferLE.h:1032:19:sbgStreamBufferReadSizeT32LE	16	static
../Lib/sbgECom/common/streamBuffer/sbgStreamBufferLE.h:1476:25:sbgStreamBufferWriteUint32LE	16	static
../Lib/sbgECom/common/streamBuffer/sbgStreamBufferLE.h:1734:25:sbgStreamBufferWriteSizeT32LE	16	static
../Lib/sbgECom/common/string/sbgString.c:21:17:sbgStringCountLeadingZeros	24	static
../Lib/sbgECom/common/string/sbgString.c:60:21:sbgStringComputeCapacity	48	static
../Lib/sbgECom/common/string/sbgString.c:106:21:sbgStringResizeBuffer	56	static
../Lib/sbgECom/common/string/sbgString.c:216:15:sbgStringGetCharPtr	16	static
../Lib/sbgECom/common/string/sbgString.c:232:13:sbgStringIndexesAreValid	24	static
../Lib/sbgECom/common/string/sbgString.c:247:21:sbgStringAssignBuffer	24	static
../Lib/sbgECom/common/string/sbgString.c:274:13:sbgStringTrimLeftCommon	40	static
../Lib/sbgECom/common/string/sbgString.c:323:13:sbgStringTrimRightCommon	40	static
../Lib/sbgECom/common/string/sbgString.c:375:16:sbgStringCompareIgnoreCaseCommon	40	static
../Lib/sbgECom/common/string/sbgString.c:416:25:sbgStringConstructEmpty	16	static
../Lib/sbgECom/common/string/sbgString.c:432:33:sbgStringConstruct	16	static
../Lib/sbgECom/common/string/sbgString.c:444:33:sbgStringConstructCString	16	static
../Lib/sbgECom/common/string/sbgString.c:450:33:sbgStringConstructVF	24	static
../Lib/sbgECom/common/string/sbgString.c:456:33:sbgStringConstructF	28	static
../Lib/sbgECom/common/string/sbgString.c:470:33:sbgStringConstructStatic	24	static
../Lib/sbgECom/common/string/sbgString.c:495:25:sbgStringConstructReadOnly	16	static
../Lib/sbgECom/common/string/sbgString.c:510:25:sbgStringDestroy	16	static
../Lib/sbgECom/common/string/sbgString.c:523:28:sbgStringCompare	16	static
../Lib/sbgECom/common/string/sbgString.c:531:28:sbgStringCompareCString	16	static
../Lib/sbgECom/common/string/sbgString.c:539:28:sbgStringCompareIgnoreCase	16	static
../Lib/sbgECom/common/string/sbgString.c:546:28:sbgStringCompareIgnoreCaseCString	16	static
../Lib/sbgECom/common/string/sbgString.c:553:27:sbgStringHash	32	static
../Lib/sbgECom/common/string/sbgString.c:580:27:sbgStringGetLength	16	static
../Lib/sbgECom/common/string/sbgString.c:587:32:sbgStringGetCString	16	static
../Lib/sbgECom/common/string/sbgString.c:594:33:sbgStringCharAt	32	static
../Lib/sbgECom/common/string/sbgString.c:618:27:sbgStringFindCString	24	static
../Lib/sbgECom/common/string/sbgString.c:637:27:sbgStringFind	16	static
../Lib/sbgECom/common/string/sbgString.c:644:33:sbgStringSubstring	32	static
../Lib/sbgECom/common/string/sbgString.c:664:25:sbgStringStartsWith	32	static
../Lib/sbgECom/common/string/sbgString.c:697:25:sbgStringEndsWith	32	static
../Lib/sbgECom/common/string/sbgString.c:737:33:sbgStringGetLastError	16	static
../Lib/sbgECom/common/string/sbgString.c:744:25:sbgStringClearLastError	16	static
../Lib/sbgECom/common/string/sbgString.c:751:33:sbgStringSetCharAt	32	static
../Lib/sbgECom/common/string/sbgString.c:774:33:sbgStringAppend	24	static
../Lib/sbgECom/common/string/sbgString.c:797:33:sbgStringAppendCString	24	static
../Lib/sbgECom/common/string/sbgString.c:822:33:sbgStringAppendVF	40	static
../Lib/sbgECom/common/string/sbgString.c:864:33:sbgStringAppendF	28	static
../Lib/sbgECom/common/string/sbgString.c:881:33:sbgStringAssign	16	static
../Lib/sbgECom/common/string/sbgString.c:888:33:sbgStringAssignCString	16	static
../Lib/sbgECom/common/string/sbgString.c:895:33:sbgStringAssignVF	32	static
../Lib/sbgECom/common/string/sbgString.c:929:33:sbgStringAssignF	28	static
../Lib/sbgECom/common/string/sbgString.c:946:33:sbgStringClear	16	static
../Lib/sbgECom/common/string/sbgString.c:958:33:sbgStringToUpperCase	24	static
../Lib/sbgECom/common/string/sbgString.c:974:33:sbgStringToLowerCase	24	static
../Lib/sbgECom/common/string/sbgString.c:990:33:sbgStringTrimLeft	24	static
../Lib/sbgECom/common/string/sbgString.c:1009:33:sbgStringTrimRight	24	static
../Lib/sbgECom/common/string/sbgString.c:1028:33:sbgStringTrim	24	static
../Lib/sbgECom/common/string/sbgString.c:1049:25:sbgStringTruncate	16	static
../Lib/sbgECom/common/string/sbgString.c:1070:33:sbgStringFromInt32	32	static
../Lib/sbgECom/common/string/sbgString.c:1105:33:sbgStringToInt32	32	static
../Lib/sbgECom/common/string/sbgString.c:1129:33:sbgStringFromUint32	32	static
../Lib/sbgECom/common/string/sbgString.c:1164:33:sbgStringToUint32	32	static
../Lib/sbgECom/common/string/sbgString.c:1188:33:sbgStringFromInt64	48	static
../Lib/sbgECom/common/string/sbgString.c:1223:33:sbgStringToInt64	32	static
../Lib/sbgECom/common/string/sbgString.c:1247:33:sbgStringFromUint64	48	static
../Lib/sbgECom/common/string/sbgString.c:1282:33:sbgStringToUint64	32	static
../Lib/sbgECom/common/string/sbgString.c:1306:33:sbgStringFromDouble	48	static
../Lib/sbgECom/common/string/sbgString.c:1341:33:sbgStringToDouble	32	static
../Lib/sbgECom/common/string/sbgString.c:1365:33:sbgStringFromStreamBuffer	24	static
../Lib/sbgECom/common/string/sbgString.c:1396:33:sbgStringToStreamBuffer	24	static
../Lib/sbgECom/common/string/sbgString.c:1416:25:sbgStringIteratorConstruct	16	static
../Lib/sbgECom/common/string/sbgString.c:1424:33:sbgStringIteratorWalk	48	static
../Lib/sbgECom/common/string/sbgString.c:1481:33:sbgStringCopy	32	static
../Lib/sbgECom/common/string/sbgString.c:1530:32:sbgStringFirstValidChar	24	static
